// 重构日志: 94230f53
// 重构日志: 74d158af
// 同步 ID: c391e8aa @ Tue Jul 28 12:31:28 UTC 2026
// 重构日志: 6ac4d602
// 同步 ID: 344767b2 @ Tue Jul 28 17:44:02 UTC 2026
// 同步 ID: 79fa1253 @ Tue Jul 28 20:32:41 UTC 2026
// 重构日志: 6ad5bbec
// 重构日志: 16d35cb9
// 同步 ID: ace90f7d @ Wed Jul 29 12:37:43 UTC 2026
// 同步 ID: 150d6c4b @ Wed Jul 29 21:25:33 UTC 2026
// 重构日志: f8e35095
// 重构日志: 0a2fdcb6
// 重构日志: 73282ea9
// 重构日志: b6d01d89
// 同步 ID: 16633004 @ Sat Aug  1 06:51:09 UTC 2026
// 同步 ID: 0d0daab4 @ Sun Aug  2 06:52:57 UTC 2026
// 重构日志: 5aed8a99
// 同步 ID: 7bf52aeb @ Tue Aug  4 04:22:05 UTC 2026
// 同步 ID: 7326dafb @ Tue Aug  4 14:51:54 UTC 2026
// 重构日志: 6036f22d
// 重构日志: 7782cd92
// 重构日志: 502f9984
// 同步 ID: 4cd8ffae @ Fri Aug  7 12:44:13 UTC 2026
// 同步 ID: db717975 @ Sat Aug  8 04:51:00 UTC 2026
// 重构日志: 21b9f917
// 同步 ID: f24d1479 @ Sat Aug  8 08:02:04 UTC 2026
// 同步 ID: f8d270d9 @ Sat Aug  8 10:55:42 UTC 2026
// 重构日志: 7b5b0165
// 同步 ID: bc891869 @ Sat Aug  8 14:23:33 UTC 2026
// 同步 ID: cbd833bd @ Sat Aug  8 15:24:31 UTC 2026
